Archive member included to satisfy reference by file (symbol)

c:/program files (x86)/atmel/studio/7.0/toolchain/avr8/avr8-gnu-toolchain/bin/../lib/gcc/avr/5.4.0/avr5\libgcc.a(_exit.o)
                              C:/Program Files (x86)/Atmel/Studio/7.0/Packs/atmel/ATmega_DFP/1.6.364/gcc/dev/atmega32/avr5/crtatmega32.o (exit)
c:/program files (x86)/atmel/studio/7.0/toolchain/avr8/avr8-gnu-toolchain/bin/../lib/gcc/avr/5.4.0/avr5\libgcc.a(_tablejump2.o)
                              Hal/SSD/SSD.o (__tablejump2__)

Discarded input sections

 .data          0x00000000        0x0 C:/Program Files (x86)/Atmel/Studio/7.0/Packs/atmel/ATmega_DFP/1.6.364/gcc/dev/atmega32/avr5/crtatmega32.o
 .bss           0x00000000        0x0 C:/Program Files (x86)/Atmel/Studio/7.0/Packs/atmel/ATmega_DFP/1.6.364/gcc/dev/atmega32/avr5/crtatmega32.o
 .text          0x00000000        0x0 App/main.o
 .data          0x00000000        0x0 App/main.o
 .bss           0x00000000        0x0 App/main.o
 .text          0x00000000        0x0 Hal/Led/Led.o
 .data          0x00000000        0x0 Hal/Led/Led.o
 .bss           0x00000000        0x0 Hal/Led/Led.o
 .text.H_Led_Off
                0x00000000        0x8 Hal/Led/Led.o
 .text.H_Led_Tog
                0x00000000        0x6 Hal/Led/Led.o
 .text.H_Led_BlinkOnce
                0x00000000       0x22 Hal/Led/Led.o
 .text.H_Led_Blinktwice
                0x00000000       0x1e Hal/Led/Led.o
 .text          0x00000000        0x0 Hal/Pushbutton/Pushbutton.o
 .data          0x00000000        0x0 Hal/Pushbutton/Pushbutton.o
 .bss           0x00000000        0x0 Hal/Pushbutton/Pushbutton.o
 .text.H_PushButton_Init
                0x00000000        0xa Hal/Pushbutton/Pushbutton.o
 .text.H_PushButton_Read
                0x00000000       0x3c Hal/Pushbutton/Pushbutton.o
 .debug_info    0x00000000      0x1b5 Hal/Pushbutton/Pushbutton.o
 .debug_abbrev  0x00000000      0x129 Hal/Pushbutton/Pushbutton.o
 .debug_loc     0x00000000       0x67 Hal/Pushbutton/Pushbutton.o
 .debug_aranges
                0x00000000       0x28 Hal/Pushbutton/Pushbutton.o
 .debug_ranges  0x00000000       0x18 Hal/Pushbutton/Pushbutton.o
 .debug_line    0x00000000      0x183 Hal/Pushbutton/Pushbutton.o
 .debug_str     0x00000000      0x21a Hal/Pushbutton/Pushbutton.o
 .comment       0x00000000       0x31 Hal/Pushbutton/Pushbutton.o
 .debug_frame   0x00000000       0x34 Hal/Pushbutton/Pushbutton.o
 .text          0x00000000        0x0 Hal/SSD/SSD.o
 .data          0x00000000        0x0 Hal/SSD/SSD.o
 .bss           0x00000000        0x0 Hal/SSD/SSD.o
 .text.H_Ssd_Init
                0x00000000       0x4a Hal/SSD/SSD.o
 .text.H_Ssd_Display
                0x00000000      0x29e Hal/SSD/SSD.o
 .progmem.gcc_sw_table.H_Ssd_Display
                0x00000000       0x14 Hal/SSD/SSD.o
 .text.H_Ssd_DisplayNum
                0x00000000       0x4a Hal/SSD/SSD.o
 .debug_info    0x00000000      0xa27 Hal/SSD/SSD.o
 .debug_abbrev  0x00000000      0x136 Hal/SSD/SSD.o
 .debug_loc     0x00000000      0x2d2 Hal/SSD/SSD.o
 .debug_aranges
                0x00000000       0x30 Hal/SSD/SSD.o
 .debug_ranges  0x00000000       0x20 Hal/SSD/SSD.o
 .debug_line    0x00000000      0x3c4 Hal/SSD/SSD.o
 .debug_str     0x00000000      0x239 Hal/SSD/SSD.o
 .comment       0x00000000       0x31 Hal/SSD/SSD.o
 .debug_frame   0x00000000       0x54 Hal/SSD/SSD.o
 .text          0x00000000        0x0 Mcal/Dio/Dio.o
 .data          0x00000000        0x0 Mcal/Dio/Dio.o
 .bss           0x00000000        0x0 Mcal/Dio/Dio.o
 .text.M_Dio_pinTog
                0x00000000       0x94 Mcal/Dio/Dio.o
 .text.M_Dio_PinGet
                0x00000000       0x88 Mcal/Dio/Dio.o
 .text.M_Dio_PortMode
                0x00000000       0x5e Mcal/Dio/Dio.o
 .text.M_Dio_PortWrite
                0x00000000       0x5e Mcal/Dio/Dio.o
 .text          0x00000000        0x0 c:/program files (x86)/atmel/studio/7.0/toolchain/avr8/avr8-gnu-toolchain/bin/../lib/gcc/avr/5.4.0/avr5\libgcc.a(_exit.o)
 .data          0x00000000        0x0 c:/program files (x86)/atmel/studio/7.0/toolchain/avr8/avr8-gnu-toolchain/bin/../lib/gcc/avr/5.4.0/avr5\libgcc.a(_exit.o)
 .bss           0x00000000        0x0 c:/program files (x86)/atmel/studio/7.0/toolchain/avr8/avr8-gnu-toolchain/bin/../lib/gcc/avr/5.4.0/avr5\libgcc.a(_exit.o)
 .text.libgcc.mul
                0x00000000        0x0 c:/program files (x86)/atmel/studio/7.0/toolchain/avr8/avr8-gnu-toolchain/bin/../lib/gcc/avr/5.4.0/avr5\libgcc.a(_exit.o)
 .text.libgcc.div
                0x00000000        0x0 c:/program files (x86)/atmel/studio/7.0/toolchain/avr8/avr8-gnu-toolchain/bin/../lib/gcc/avr/5.4.0/avr5\libgcc.a(_exit.o)
 .text.libgcc   0x00000000        0x0 c:/program files (x86)/atmel/studio/7.0/toolchain/avr8/avr8-gnu-toolchain/bin/../lib/gcc/avr/5.4.0/avr5\libgcc.a(_exit.o)
 .text.libgcc.prologue
                0x00000000        0x0 c:/program files (x86)/atmel/studio/7.0/toolchain/avr8/avr8-gnu-toolchain/bin/../lib/gcc/avr/5.4.0/avr5\libgcc.a(_exit.o)
 .text.libgcc.builtins
                0x00000000        0x0 c:/program files (x86)/atmel/studio/7.0/toolchain/avr8/avr8-gnu-toolchain/bin/../lib/gcc/avr/5.4.0/avr5\libgcc.a(_exit.o)
 .text.libgcc.fmul
                0x00000000        0x0 c:/program files (x86)/atmel/studio/7.0/toolchain/avr8/avr8-gnu-toolchain/bin/../lib/gcc/avr/5.4.0/avr5\libgcc.a(_exit.o)
 .text.libgcc.fixed
                0x00000000        0x0 c:/program files (x86)/atmel/studio/7.0/toolchain/avr8/avr8-gnu-toolchain/bin/../lib/gcc/avr/5.4.0/avr5\libgcc.a(_exit.o)
 .text          0x00000000        0x0 c:/program files (x86)/atmel/studio/7.0/toolchain/avr8/avr8-gnu-toolchain/bin/../lib/gcc/avr/5.4.0/avr5\libgcc.a(_tablejump2.o)
 .data          0x00000000        0x0 c:/program files (x86)/atmel/studio/7.0/toolchain/avr8/avr8-gnu-toolchain/bin/../lib/gcc/avr/5.4.0/avr5\libgcc.a(_tablejump2.o)
 .bss           0x00000000        0x0 c:/program files (x86)/atmel/studio/7.0/toolchain/avr8/avr8-gnu-toolchain/bin/../lib/gcc/avr/5.4.0/avr5\libgcc.a(_tablejump2.o)
 .text.libgcc.mul
                0x00000000        0x0 c:/program files (x86)/atmel/studio/7.0/toolchain/avr8/avr8-gnu-toolchain/bin/../lib/gcc/avr/5.4.0/avr5\libgcc.a(_tablejump2.o)
 .text.libgcc.div
                0x00000000        0x0 c:/program files (x86)/atmel/studio/7.0/toolchain/avr8/avr8-gnu-toolchain/bin/../lib/gcc/avr/5.4.0/avr5\libgcc.a(_tablejump2.o)
 .text.libgcc   0x00000000        0xc c:/program files (x86)/atmel/studio/7.0/toolchain/avr8/avr8-gnu-toolchain/bin/../lib/gcc/avr/5.4.0/avr5\libgcc.a(_tablejump2.o)
 .text.libgcc.prologue
                0x00000000        0x0 c:/program files (x86)/atmel/studio/7.0/toolchain/avr8/avr8-gnu-toolchain/bin/../lib/gcc/avr/5.4.0/avr5\libgcc.a(_tablejump2.o)
 .text.libgcc.builtins
                0x00000000        0x0 c:/program files (x86)/atmel/studio/7.0/toolchain/avr8/avr8-gnu-toolchain/bin/../lib/gcc/avr/5.4.0/avr5\libgcc.a(_tablejump2.o)
 .text.libgcc.fmul
                0x00000000        0x0 c:/program files (x86)/atmel/studio/7.0/toolchain/avr8/avr8-gnu-toolchain/bin/../lib/gcc/avr/5.4.0/avr5\libgcc.a(_tablejump2.o)
 .text.libgcc.fixed
                0x00000000        0x0 c:/program files (x86)/atmel/studio/7.0/toolchain/avr8/avr8-gnu-toolchain/bin/../lib/gcc/avr/5.4.0/avr5\libgcc.a(_tablejump2.o)

Memory Configuration

Name             Origin             Length             Attributes
text             0x00000000         0x00008000         xr
data             0x00800060         0x00000800         rw !x
eeprom           0x00810000         0x00000400         rw !x
fuse             0x00820000         0x00000002         rw !x
lock             0x00830000         0x00000400         rw !x
signature        0x00840000         0x00000400         rw !x
user_signatures  0x00850000         0x00000400         rw !x
*default*        0x00000000         0xffffffff

Linker script and memory map

LOAD C:/Program Files (x86)/Atmel/Studio/7.0/Packs/atmel/ATmega_DFP/1.6.364/gcc/dev/atmega32/avr5/crtatmega32.o
LOAD App/main.o
LOAD Hal/Led/Led.o
LOAD Hal/Pushbutton/Pushbutton.o
LOAD Hal/SSD/SSD.o
LOAD Mcal/Dio/Dio.o
START GROUP
LOAD c:/program files (x86)/atmel/studio/7.0/toolchain/avr8/avr8-gnu-toolchain/bin/../lib/gcc/avr/5.4.0/../../../../avr/lib/avr5\libm.a
END GROUP
START GROUP
LOAD c:/program files (x86)/atmel/studio/7.0/toolchain/avr8/avr8-gnu-toolchain/bin/../lib/gcc/avr/5.4.0/avr5\libgcc.a
LOAD c:/program files (x86)/atmel/studio/7.0/toolchain/avr8/avr8-gnu-toolchain/bin/../lib/gcc/avr/5.4.0/../../../../avr/lib/avr5\libm.a
LOAD c:/program files (x86)/atmel/studio/7.0/toolchain/avr8/avr8-gnu-toolchain/bin/../lib/gcc/avr/5.4.0/../../../../avr/lib/avr5\libc.a
LOAD C:/Program Files (x86)/Atmel/Studio/7.0/Packs/atmel/ATmega_DFP/1.6.364/gcc/dev/atmega32/avr5\libatmega32.a
END GROUP
                0x00000000                __TEXT_REGION_ORIGIN__ = DEFINED (__TEXT_REGION_ORIGIN__)?__TEXT_REGION_ORIGIN__:0x0
                [0x00800060]                __DATA_REGION_ORIGIN__ = DEFINED (__DATA_REGION_ORIGIN__)?__DATA_REGION_ORIGIN__:0x800060
                [0x00008000]                __TEXT_REGION_LENGTH__ = DEFINED (__TEXT_REGION_LENGTH__)?__TEXT_REGION_LENGTH__:0x20000
                [0x00000800]                __DATA_REGION_LENGTH__ = DEFINED (__DATA_REGION_LENGTH__)?__DATA_REGION_LENGTH__:0xffa0
                [0x00000400]                __EEPROM_REGION_LENGTH__ = DEFINED (__EEPROM_REGION_LENGTH__)?__EEPROM_REGION_LENGTH__:0x10000
                [0x00000002]                __FUSE_REGION_LENGTH__ = DEFINED (__FUSE_REGION_LENGTH__)?__FUSE_REGION_LENGTH__:0x400
                0x00000400                __LOCK_REGION_LENGTH__ = DEFINED (__LOCK_REGION_LENGTH__)?__LOCK_REGION_LENGTH__:0x400
                0x00000400                __SIGNATURE_REGION_LENGTH__ = DEFINED (__SIGNATURE_REGION_LENGTH__)?__SIGNATURE_REGION_LENGTH__:0x400
                0x00000400                __USER_SIGNATURE_REGION_LENGTH__ = DEFINED (__USER_SIGNATURE_REGION_LENGTH__)?__USER_SIGNATURE_REGION_LENGTH__:0x400

.hash
 *(.hash)

.dynsym
 *(.dynsym)

.dynstr
 *(.dynstr)

.gnu.version
 *(.gnu.version)

.gnu.version_d
 *(.gnu.version_d)

.gnu.version_r
 *(.gnu.version_r)

.rel.init
 *(.rel.init)

.rela.init
 *(.rela.init)

.rel.text
 *(.rel.text)
 *(.rel.text.*)
 *(.rel.gnu.linkonce.t*)

.rela.text
 *(.rela.text)
 *(.rela.text.*)
 *(.rela.gnu.linkonce.t*)

.rel.fini
 *(.rel.fini)

.rela.fini
 *(.rela.fini)

.rel.rodata
 *(.rel.rodata)
 *(.rel.rodata.*)
 *(.rel.gnu.linkonce.r*)

.rela.rodata
 *(.rela.rodata)
 *(.rela.rodata.*)
 *(.rela.gnu.linkonce.r*)

.rel.data
 *(.rel.data)
 *(.rel.data.*)
 *(.rel.gnu.linkonce.d*)

.rela.data
 *(.rela.data)
 *(.rela.data.*)
 *(.rela.gnu.linkonce.d*)

.rel.ctors
 *(.rel.ctors)

.rela.ctors
 *(.rela.ctors)

.rel.dtors
 *(.rel.dtors)

.rela.dtors
 *(.rela.dtors)

.rel.got
 *(.rel.got)

.rela.got
 *(.rela.got)

.rel.bss
 *(.rel.bss)

.rela.bss
 *(.rela.bss)

.rel.plt
 *(.rel.plt)

.rela.plt
 *(.rela.plt)

.text           0x00000000      0x2b2
 *(.vectors)
 .vectors       0x00000000       0x54 C:/Program Files (x86)/Atmel/Studio/7.0/Packs/atmel/ATmega_DFP/1.6.364/gcc/dev/atmega32/avr5/crtatmega32.o
                0x00000000                __vector_default
                0x00000000                __vectors
 *(.vectors)
 *(.progmem.gcc*)
                0x00000054                . = ALIGN (0x2)
                0x00000054                __trampolines_start = .
 *(.trampolines)
 .trampolines   0x00000054        0x0 linker stubs
 *(.trampolines*)
                0x00000054                __trampolines_end = .
 *libprintf_flt.a:*(.progmem.data)
 *libc.a:*(.progmem.data)
 *(.progmem*)
                0x00000054                . = ALIGN (0x2)
 *(.jumptables)
 *(.jumptables*)
 *(.lowtext)
 *(.lowtext*)
                0x00000054                __ctors_start = .
 *(.ctors)
                0x00000054                __ctors_end = .
                0x00000054                __dtors_start = .
 *(.dtors)
                0x00000054                __dtors_end = .
 SORT(*)(.ctors)
 SORT(*)(.dtors)
 *(.init0)
 .init0         0x00000054        0x0 C:/Program Files (x86)/Atmel/Studio/7.0/Packs/atmel/ATmega_DFP/1.6.364/gcc/dev/atmega32/avr5/crtatmega32.o
                0x00000054                __init
 *(.init0)
 *(.init1)
 *(.init1)
 *(.init2)
 .init2         0x00000054        0xc C:/Program Files (x86)/Atmel/Studio/7.0/Packs/atmel/ATmega_DFP/1.6.364/gcc/dev/atmega32/avr5/crtatmega32.o
 *(.init2)
 *(.init3)
 *(.init3)
 *(.init4)
 *(.init4)
 *(.init5)
 *(.init5)
 *(.init6)
 *(.init6)
 *(.init7)
 *(.init7)
 *(.init8)
 *(.init8)
 *(.init9)
 .init9         0x00000060        0x8 C:/Program Files (x86)/Atmel/Studio/7.0/Packs/atmel/ATmega_DFP/1.6.364/gcc/dev/atmega32/avr5/crtatmega32.o
 *(.init9)
 *(.text)
 .text          0x00000068        0x4 C:/Program Files (x86)/Atmel/Studio/7.0/Packs/atmel/ATmega_DFP/1.6.364/gcc/dev/atmega32/avr5/crtatmega32.o
                0x00000068                __vector_1
                0x00000068                __vector_12
                0x00000068                __bad_interrupt
                0x00000068                __vector_6
                0x00000068                __vector_3
                0x00000068                __vector_11
                0x00000068                __vector_13
                0x00000068                __vector_17
                0x00000068                __vector_19
                0x00000068                __vector_7
                0x00000068                __vector_5
                0x00000068                __vector_4
                0x00000068                __vector_9
                0x00000068                __vector_2
                0x00000068                __vector_15
                0x00000068                __vector_8
                0x00000068                __vector_14
                0x00000068                __vector_10
                0x00000068                __vector_16
                0x00000068                __vector_18
                0x00000068                __vector_20
                0x0000006c                . = ALIGN (0x2)
 *(.text.*)
 .text.main     0x0000006c        0xe App/main.o
                0x0000006c                main
 .text.H_Led_Init
                0x0000007a        0x8 Hal/Led/Led.o
                0x0000007a                H_Led_Init
 .text.H_Led_On
                0x00000082        0x8 Hal/Led/Led.o
                0x00000082                H_Led_On
 .text.M_Dio_PinMode
                0x0000008a      0x112 Mcal/Dio/Dio.o
                0x0000008a                M_Dio_PinMode
 .text.M_Dio_PinWrite
                0x0000019c      0x112 Mcal/Dio/Dio.o
                0x0000019c                M_Dio_PinWrite
                0x000002ae                . = ALIGN (0x2)
 *(.fini9)
 .fini9         0x000002ae        0x0 c:/program files (x86)/atmel/studio/7.0/toolchain/avr8/avr8-gnu-toolchain/bin/../lib/gcc/avr/5.4.0/avr5\libgcc.a(_exit.o)
                0x000002ae                _exit
                0x000002ae                exit
 *(.fini9)
 *(.fini8)
 *(.fini8)
 *(.fini7)
 *(.fini7)
 *(.fini6)
 *(.fini6)
 *(.fini5)
 *(.fini5)
 *(.fini4)
 *(.fini4)
 *(.fini3)
 *(.fini3)
 *(.fini2)
 *(.fini2)
 *(.fini1)
 *(.fini1)
 *(.fini0)
 .fini0         0x000002ae        0x4 c:/program files (x86)/atmel/studio/7.0/toolchain/avr8/avr8-gnu-toolchain/bin/../lib/gcc/avr/5.4.0/avr5\libgcc.a(_exit.o)
 *(.fini0)
                0x000002b2                _etext = .

.data           0x00800060        0x0 load address 0x000002b2
                [!provide]                PROVIDE (__data_start, .)
 *(.data)
 *(.data*)
 *(.gnu.linkonce.d*)
 *(.rodata)
 *(.rodata*)
 *(.gnu.linkonce.r*)
                0x00800060                . = ALIGN (0x2)
                0x00800060                _edata = .
                [!provide]                PROVIDE (__data_end, .)

.bss            0x00800060        0x0
                [!provide]                PROVIDE (__bss_start, .)
 *(.bss)
 *(.bss*)
 *(COMMON)
                [!provide]                PROVIDE (__bss_end, .)
                0x000002b2                __data_load_start = LOADADDR (.data)
                0x000002b2                __data_load_end = (__data_load_start + SIZEOF (.data))

.noinit         0x00800060        0x0
                [!provide]                PROVIDE (__noinit_start, .)
 *(.noinit*)
                [!provide]                PROVIDE (__noinit_end, .)
                0x00800060                _end = .
                [!provide]                PROVIDE (__heap_start, .)

.eeprom         0x00810000        0x0
 *(.eeprom*)
                0x00810000                __eeprom_end = .

.fuse
 *(.fuse)
 *(.lfuse)
 *(.hfuse)
 *(.efuse)

.lock
 *(.lock*)

.signature
 *(.signature*)

.user_signatures
 *(.user_signatures*)

.stab
 *(.stab)

.stabstr
 *(.stabstr)

.stab.excl
 *(.stab.excl)

.stab.exclstr
 *(.stab.exclstr)

.stab.index
 *(.stab.index)

.stab.indexstr
 *(.stab.indexstr)

.comment        0x00000000       0x30
 *(.comment)
 .comment       0x00000000       0x30 App/main.o
                                 0x31 (size before relaxing)
 .comment       0x00000030       0x31 Hal/Led/Led.o
 .comment       0x00000030       0x31 Mcal/Dio/Dio.o

.note.gnu.avr.deviceinfo
                0x00000000       0x3c
 .note.gnu.avr.deviceinfo
                0x00000000       0x3c C:/Program Files (x86)/Atmel/Studio/7.0/Packs/atmel/ATmega_DFP/1.6.364/gcc/dev/atmega32/avr5/crtatmega32.o

.note.gnu.build-id
 *(.note.gnu.build-id)

.debug
 *(.debug)

.line
 *(.line)

.debug_srcinfo
 *(.debug_srcinfo)

.debug_sfnames
 *(.debug_sfnames)

.debug_aranges  0x00000000       0xb0
 *(.debug_aranges)
 .debug_aranges
                0x00000000       0x20 App/main.o
 .debug_aranges
                0x00000020       0x48 Hal/Led/Led.o
 .debug_aranges
                0x00000068       0x48 Mcal/Dio/Dio.o

.debug_pubnames
 *(.debug_pubnames)

.debug_info     0x00000000      0xaf1
 *(.debug_info .gnu.linkonce.wi.*)
 .debug_info    0x00000000      0x4e6 C:/Program Files (x86)/Atmel/Studio/7.0/Packs/atmel/ATmega_DFP/1.6.364/gcc/dev/atmega32/avr5/crtatmega32.o
 .debug_info    0x000004e6       0xdc App/main.o
 .debug_info    0x000005c2      0x306 Hal/Led/Led.o
 .debug_info    0x000008c8      0x229 Mcal/Dio/Dio.o

.debug_abbrev   0x00000000      0x703
 *(.debug_abbrev)
 .debug_abbrev  0x00000000      0x4a3 C:/Program Files (x86)/Atmel/Studio/7.0/Packs/atmel/ATmega_DFP/1.6.364/gcc/dev/atmega32/avr5/crtatmega32.o
 .debug_abbrev  0x000004a3       0x81 App/main.o
 .debug_abbrev  0x00000524      0x127 Hal/Led/Led.o
 .debug_abbrev  0x0000064b       0xb8 Mcal/Dio/Dio.o

.debug_line     0x00000000      0x55b
 *(.debug_line .debug_line.* .debug_line_end)
 .debug_line    0x00000000      0x116 C:/Program Files (x86)/Atmel/Studio/7.0/Packs/atmel/ATmega_DFP/1.6.364/gcc/dev/atmega32/avr5/crtatmega32.o
 .debug_line    0x00000116       0x5f App/main.o
 .debug_line    0x00000175      0x1cf Hal/Led/Led.o
 .debug_line    0x00000344      0x217 Mcal/Dio/Dio.o

.debug_frame    0x00000000      0x11c
 *(.debug_frame)
 .debug_frame   0x00000000       0x24 App/main.o
 .debug_frame   0x00000024       0x84 Hal/Led/Led.o
 .debug_frame   0x000000a8       0x74 Mcal/Dio/Dio.o

.debug_str      0x00000000      0x436
 *(.debug_str)
 .debug_str     0x00000000      0x196 C:/Program Files (x86)/Atmel/Studio/7.0/Packs/atmel/ATmega_DFP/1.6.364/gcc/dev/atmega32/avr5/crtatmega32.o
 .debug_str     0x00000196      0x15a App/main.o
                                0x18e (size before relaxing)
 .debug_str     0x000002f0       0xc1 Hal/Led/Led.o
                                0x23c (size before relaxing)
 .debug_str     0x000003b1       0x85 Mcal/Dio/Dio.o
                                0x1e4 (size before relaxing)

.debug_loc      0x00000000      0x387
 *(.debug_loc)
 .debug_loc     0x00000000      0x1b0 Hal/Led/Led.o
 .debug_loc     0x000001b0      0x1d7 Mcal/Dio/Dio.o

.debug_macinfo
 *(.debug_macinfo)

.debug_weaknames
 *(.debug_weaknames)

.debug_funcnames
 *(.debug_funcnames)

.debug_typenames
 *(.debug_typenames)

.debug_varnames
 *(.debug_varnames)

.debug_pubtypes
 *(.debug_pubtypes)

.debug_ranges   0x00000000       0x80
 *(.debug_ranges)
 .debug_ranges  0x00000000       0x10 App/main.o
 .debug_ranges  0x00000010       0x38 Hal/Led/Led.o
 .debug_ranges  0x00000048       0x38 Mcal/Dio/Dio.o

.debug_macro
 *(.debug_macro)
OUTPUT(Dio.elf elf32-avr)
LOAD linker stubs
